
> edunexus-master@0.1.0 build
> next build

node.exe : ÔÜá Warning: Next.js 
inferred your workspace root, but it 
may not be correct.
En C:\Program Files\nodejs\npm.ps1: 29 
Carácter: 3
+   & $NODE_EXE $NPM_CLI_JS $args
+   ~~~~~~~~~~~~~~~~~~~~~~~~~~~~~
    + CategoryInfo          : NotSpeci 
   fied: (ÔÜá Warning: Ne...not be co  
  rrect.:String) [], RemoteException
    + FullyQualifiedErrorId : NativeCo 
   mmandError
 
 We detected multiple lockfiles and 
selected the directory of C:\Users\Josh
uaGamingTV\package-lock.json as the 
root directory.
 To silence this warning, set 
`turbopack.root` in your Next.js 
config, or consider removing one of 
the lockfiles if it's not needed.
   See https://nextjs.org/docs/app/api-
reference/config/next-config-js/turbopa
ck#root-directory for more information.
 Detected additional lockfiles: 
   * C:\Users\JoshuaGamingTV\.gemini\an
tigravity\scratch\edunexus-master\packa
ge-lock.json

Ôû▓ Next.js 16.2.0 (Turbopack)

  Creating an optimized production build ...
Ô£ô Compiled successfully in 3.3s
  Running TypeScript ...
  Finished TypeScript in 8.9s ...
  Collecting page data using 15 workers ...
  Generating static pages using 15 workers (0/103) ...
  Generating static pages using 15 workers (25/103) 
  Generating static pages using 15 workers (51/103) 
  Generating static pages using 15 workers (77/103) 
Ô£ô Generating static pages using 15 workers (103/103) in 574ms
  Finalizing page optimization ...

Route (app)
Ôöî Ôùï /
Ôö£ Ôùï /_not-found
Ôö£ Ôùï /dashboard
Ôö£ Ôùï /dashboard/academic
Ôö£ Ôùï /dashboard/academic/evaluations
Ôö£ Ôùï /dashboard/academic/grades
Ôö£ Ôùï /dashboard/academic/structuring/admission-categories
Ôö£ Ôùï /dashboard/academic/structuring/cancellation-causes
Ôö£ Ôùï /dashboard/academic/structuring/cancellation-types
Ôö£ Ôùï /dashboard/academic/structuring/cursos
Ôö£ Ôùï /dashboard/academic/structuring/eval-params
Ôö£ Ôùï /dashboard/academic/structuring/grupos
Ôö£ Ôùï /dashboard/academic/structuring/programs
Ôö£ Ôùï /dashboard/academic/structuring/sede-jornada
Ôö£ Ôùï /dashboard/academic/structuring/subjects
Ôö£ Ôùï /dashboard/academic/virtual-classrooms
Ôö£ Ôùï /dashboard/institutional/admins/basic-info
Ôö£ ãÆ /dashboard/institutional/admins/basic-info/[id]
Ôö£ Ôùï /dashboard/institutional/admins/register
Ôö£ Ôùï /dashboard/institutional/commercial/advertising-media
Ôö£ Ôùï /dashboard/institutional/commercial/business-status
Ôö£ Ôùï /dashboard/institutional/commercial/contact-media
Ôö£ Ôùï /dashboard/institutional/commercial/custom-fields
Ôö£ Ôùï /dashboard/institutional/commercial/opportunities
Ôö£ Ôùï /dashboard/institutional/family/basic-info
Ôö£ ãÆ /dashboard/institutional/family/basic-info/[id]
Ôö£ Ôùï /dashboard/institutional/family/register
Ôö£ Ôùï /dashboard/institutional/import-validation
Ôö£ Ôùï /dashboard/institutional/participants/basic-info
Ôö£ ãÆ /dashboard/institutional/participants/basic-info/[id]
Ôö£ Ôùï /dashboard/institutional/students/academic-info
Ôö£ Ôùï /dashboard/institutional/students/basic-info
Ôö£ ãÆ /dashboard/institutional/students/basic-info/[id]
Ôö£ Ôùï /dashboard/institutional/students/graduates
Ôö£ Ôùï /dashboard/institutional/students/mass-cancellation
Ôö£ Ôùï /dashboard/institutional/students/not-enrolled
Ôö£ Ôùï /dashboard/institutional/students/pre-enrollment
Ôö£ Ôùï /dashboard/institutional/students/register
Ôö£ Ôùï /dashboard/institutional/teachers
Ôö£ Ôùï /dashboard/institutional/teachers/basic-info
Ôö£ ãÆ /dashboard/institutional/teachers/profile/[id]
Ôö£ Ôùï /dashboard/institutional/teachers/register
Ôö£ Ôùï /dashboard/reports
Ôö£ Ôùï /dashboard/reports/academic-records
Ôö£ Ôùï /dashboard/reports/anulaciones-y-devoluciones
Ôö£ Ôùï /dashboard/reports/asignacion-academica-docentes
Ôö£ Ôùï /dashboard/reports/asistencia-inasistencia-detallada-por-estudiante-asignaturas-individuales
Ôö£ Ôùï /dashboard/reports/cancelados-desertores
Ôö£ Ôùï /dashboard/reports/cartera-general
Ôö£ Ôùï /dashboard/reports/cartera-pagos
Ôö£ Ôùï /dashboard/reports/consolidado-de-asistencias-asignaturas-individuales
Ôö£ Ôùï /dashboard/reports/consolidado-de-inasistencias
Ôö£ Ôùï /dashboard/reports/consolidado-de-matriculados-por-semestre
Ôö£ Ôùï /dashboard/reports/consolidado-de-notas
Ôö£ Ôùï /dashboard/reports/consolidado-de-pensum
Ôö£ Ôùï /dashboard/reports/cuadre-caja-por-producto
Ôö£ Ôùï /dashboard/reports/cuadre-de-caja-por-cajero
Ôö£ Ôùï /dashboard/reports/descuentos
Ôö£ Ôùï /dashboard/reports/diseno-curricular
Ôö£ Ôùï /dashboard/reports/docentes-pendientes-por-evaluar
Ôö£ Ôùï /dashboard/reports/egresos
Ôö£ Ôùï /dashboard/reports/estadistica-de-matriculas
Ôö£ Ôùï /dashboard/reports/estudiantes-asignaturas-canceladas
Ôö£ Ôùï /dashboard/reports/estudiantes-asignaturas-reprobadas
Ôö£ Ôùï /dashboard/reports/estudiantes-cancelados
Ôö£ Ôùï /dashboard/reports/estudiantes-cancelados-por-inasistencia
Ôö£ Ôùï /dashboard/reports/estudiantes-con-dificultades
Ôö£ Ôùï /dashboard/reports/estudiantes-matriculados
Ôö£ Ôùï /dashboard/reports/estudiantes-nuevos-en-la-institucion
Ôö£ Ôùï /dashboard/reports/estudiantes-por-curso
Ôö£ Ôùï /dashboard/reports/estudiantes-por-estado-financiero
Ôö£ Ôùï /dashboard/reports/familiares-codeudores-estudiantes
Ôö£ Ôùï /dashboard/reports/fichas-de-matriculas
Ôö£ Ôùï /dashboard/reports/habilitaciones
Ôö£ Ôùï /dashboard/reports/historico-de-notas
Ôö£ Ôùï /dashboard/reports/historico-inasistencias
Ôö£ Ôùï /dashboard/reports/homologaciones
Ôö£ Ôùï /dashboard/reports/inasistencias-por-curso
Ôö£ Ôùï /dashboard/reports/informe-paz-y-salvo-establecidos
Ôö£ Ôùï /dashboard/reports/informe-preguntas-personalizadas
Ôö£ Ôùï /dashboard/reports/informe-requisitos-de-matricula
Ôö£ Ôùï /dashboard/reports/ingresos
Ôö£ Ôùï /dashboard/reports/ingresos-basicos
Ôö£ Ôùï /dashboard/reports/ingresos-consolidados
Ôö£ Ôùï /dashboard/reports/ingresos-detallados-por-formas
Ôö£ Ôùï /dashboard/reports/ingresos-detallados-por-producto
Ôö£ Ôùï /dashboard/reports/inscritos-aun-no-matriculados
Ôö£ Ôùï /dashboard/reports/listado-de-cursos
Ôö£ Ôùï /dashboard/reports/listado-de-matriculas
Ôö£ Ôùï /dashboard/reports/listado-observador
Ôö£ Ôùï /dashboard/reports/notas-credito
Ôö£ Ôùï /dashboard/reports/notas-credito-aplicadas
Ôö£ Ôùï /dashboard/reports/observador
Ôö£ Ôùï /dashboard/reports/planilla
Ôö£ Ôùï /dashboard/reports/proyeccion-de-recaudo
Ôö£ Ôùï /dashboard/reports/resultados-academicos
Ôö£ Ôùï /dashboard/reports/seguimientos-egresados
Ôö£ Ôùï /dashboard/settings
Ôö£ Ôùï /dashboard/students
Ôö£ Ôùï /dashboard/tickets
Ôö£ Ôùï /dashboard/treasury/billing
Ôö£ Ôùï /dashboard/treasury/codebtors/basic-info
Ôö£ Ôùï /dashboard/treasury/codebtors/register
Ôö£ Ôùï /dashboard/treasury/expenses
Ôö£ Ôùï /dashboard/treasury/other-incomes
Ôö£ Ôùï /demo-init
Ôöö Ôùï /login


Ôùï  (Static)   prerendered as static content
ãÆ  (Dynamic)  server-rendered on demand

